[subway-surfers.org/winter-holiday/index.html]
[backblue.gif]
[fade.gif]
[index.html]
[subway-surfers.org/wp-content/uploads/2023/01/Subway-surfers-winter-holyday.jpg]
[subway-surfers.org/wp-includes/css/dist/block-library/style.min1e39.css]
[subway-surfers.org/wp-content/themes/hello-elementor/style.min5b0a.css]
[subway-surfers.org/wp-content/themes/hello-elementor/theme.min5b0a.css]
[subway-surfers.org/wp-content/plugins/elementor/assets/css/frontend-lite.minaad7.css]
[subway-surfers.org/wp-content/uploads/elementor/css/post-489ee.css]
[subway-surfers.org/wp-content/plugins/elementor/assets/lib/eicons/css/elementor-icons.min7bb8.css]
[subway-surfers.org/wp-content/plugins/elementor/assets/lib/swiper/css/swiper.min48f5.css]
[subway-surfers.org/wp-content/plugins/elementor-pro/assets/css/frontend-lite.min110d.css]
[subway-surfers.org/wp-content/uploads/elementor/css/global575a.css]
[subway-surfers.org/wp-content/uploads/elementor/css/post-21575a.css]
[subway-surfers.org/wp-content/uploads/elementor/css/post-27575a.css]
[subway-surfers.org/wp-content/uploads/elementor/css/post-927575a.css]
[subway-surfers.org/wp-content/plugins/elementor/assets/lib/font-awesome/css/fontawesome.min52d5.css]
[subway-surfers.org/wp-content/plugins/elementor/assets/lib/font-awesome/css/solid.min52d5.css]
[subway-surfers.org/wp-includes/js/jquery/jquery.minf43b.js]
[subway-surfers.org/wp-includes/js/jquery/jquery-migrate.min5589.js]
[pagead2.googlesyndication.com/pagead/js/f021b.txt]
[subway-surfers.org/wp-content/uploads/2023/01/logo-150x150.png]
[subway-surfers.org/wp-content/uploads/2023/01/logo-300x300.png]
[subway-surfers.org/wp-content/plugins/elementor-pro/assets/css/widget-nav-menu.min.css]
[subway-surfers.org/wp-content/plugins/elementor-pro/assets/css/widget-theme-elements.min.css]
[subway-surfers.org/wp-content/plugins/elementor-pro/assets/css/widget-posts.min.css]
[subway-surfers.org/wp-content/uploads/2023/01/subway-surfer-beijing-300x180.jpg]
[subway-surfers.org/wp-content/uploads/2023/01/subway-surfer-monaco-300x180.jpg]
[subway-surfers.org/wp-content/uploads/2023/01/Subway-surfers-marrakesh-300x168.jpg]
[subway-surfers.org/wp-content/uploads/2023/09/Subway-surfers-tokyo-2023-300x168.jpg]
[subway-surfers.org/wp-content/uploads/2023/01/subway-surfer-london-300x180.jpg]
[subway-surfers.org/wp-content/uploads/2023/09/subway-surfers-hawaii-300x180.jpg]
[subway-surfers.org/wp-content/uploads/2023/01/subway-surfer-san-francisco-300x180.jpg]
[subway-surfers.org/wp-content/uploads/2023/01/Subway-surfers-singapore-300x168.jpg]
[subway-surfers.org/wp-content/uploads/2023/01/Subway-surfers-tokyo-300x168.jpg]
[subway-surfers.org/wp-content/uploads/2023/01/subway-surfers-zurich-300x180.jpg]
[subway-surfers.org/wp-content/uploads/2023/01/subway-surfer-saint-petersburg-300x180.jpg]
[subway-surfers.org/wp-content/uploads/2023/01/Subway-surfers-venice-300x168.jpg]
[subway-surfers.org/wp-content/uploads/2023/01/subway-surfer-berlin-300x180.jpg]
[subway-surfers.org/wp-content/uploads/2023/05/run3-300x193.jpg]
[subway-surfers.org/wp-content/uploads/2023/01/subway-surfer-new-orleans-300x180.jpg]
[subway-surfers.org/wp-content/uploads/2023/05/gartic-io-300x179.jpg]
[subway-surfers.org/wp-content/uploads/2023/04/superbike-300x169.jpg]
[subway-surfers.org/wp-content/uploads/2023/04/iron-snout-300x174.jpg]
[subway-surfers.org/wp-content/uploads/2023/05/hit-or-knit-300x183.jpg]
[subway-surfers.org/wp-content/uploads/2023/04/spiral-roll-300x188.jpg]
[subway-surfers.org/wp-content/uploads/2023/11/lol-surprise-300x180.jpg]
[subway-surfers.org/wp-content/uploads/2023/05/ninja_bridge-300x191.jpg]
[subway-surfers.org/wp-content/uploads/2023/05/Turbo-Moto-Racer-300x186.jpg]
[subway-surfers.org/wp-content/uploads/2023/03/elasticman-300x207.jpg]
[subway-surfers.org/wp-content/uploads/2023/05/minecraft-classic-300x183.jpg]
[subway-surfers.org/wp-content/uploads/2023/05/sweet-cake-tower-300x186.jpg]
[subway-surfers.org/wp-content/uploads/2023/04/ocean-bubble-300x200.jpg]
[subway-surfers.org/wp-content/uploads/2023/04/Office-Dress-Up-300x199.jpg]
[subway-surfers.org/wp-content/plugins/elementor-pro/assets/css/widget-share-buttons.min.css]
[subway-surfers.org/wp-content/plugins/elementor/assets/lib/font-awesome/css/brands.min52d5.css]
[subway-surfers.org/wp-content/themes/hello-elementor/assets/js/hello-frontend.min8a54.js]
[subway-surfers.org/wp-content/plugins/elementor-pro/assets/lib/smartmenus/jquery.smartmenus.minf269.js]
[subway-surfers.org/wp-includes/js/imagesloaded.minbb93.js]
[subway-surfers.org/wp-content/plugins/elementor-pro/assets/js/webpack-pro.runtime.min110d.js]
[subway-surfers.org/wp-content/plugins/elementor/assets/js/webpack.runtime.minaad7.js]
[subway-surfers.org/wp-content/plugins/elementor/assets/js/frontend-modules.minaad7.js]
[subway-surfers.org/wp-includes/js/dist/vendor/wp-polyfill-inert.min0226.js]
[subway-surfers.org/wp-includes/js/dist/vendor/regenerator-runtime.min6c85.js]
[subway-surfers.org/wp-includes/js/dist/vendor/wp-polyfill.min2c7c.js]
[subway-surfers.org/wp-includes/js/dist/hooks.min2ebd.js]
[subway-surfers.org/wp-includes/js/dist/i18n.minf92f.js]
[subway-surfers.org/wp-content/plugins/elementor-pro/assets/js/frontend.min110d.js]
[subway-surfers.org/wp-content/plugins/elementor/assets/lib/waypoints/waypoints.min05da.js]
[subway-surfers.org/wp-includes/js/jquery/ui/core.min3f14.js]
[subway-surfers.org/wp-content/plugins/elementor/assets/js/frontend.minaad7.js]
[subway-surfers.org/wp-content/plugins/elementor-pro/assets/js/elements-handlers.min110d.js]
[subway-surfers.org/wp-content/plugins/elementor-pro/assets/lib/sticky/jquery.sticky.min110d.js]
[subway-surfers.org/winter-holiday/index.html]
[subway-surfers.org/wp-includes/css/dist/block-library/style.min1e39.css]
[subway-surfers.org/wp-content/themes/hello-elementor/style.min5b0a.css]
[subway-surfers.org/wp-content/themes/hello-elementor/theme.min5b0a.css]
[subway-surfers.org/wp-content/plugins/elementor/assets/css/frontend-lite.minaad7.css]
[subway-surfers.org/wp-content/uploads/elementor/css/post-489ee.css]
[subway-surfers.org/wp-content/plugins/elementor/assets/lib/eicons/css/elementor-icons.min7bb8.css]
[subway-surfers.org/wp-content/plugins/elementor/assets/lib/swiper/css/swiper.min48f5.css]
[subway-surfers.org/wp-content/plugins/elementor-pro/assets/css/frontend-lite.min110d.css]
[subway-surfers.org/wp-content/uploads/elementor/css/global575a.css]
[subway-surfers.org/wp-content/uploads/elementor/css/post-21575a.css]
[subway-surfers.org/wp-content/uploads/elementor/css/post-27575a.css]
[subway-surfers.org/wp-content/uploads/elementor/css/post-927575a.css]
[subway-surfers.org/wp-content/plugins/elementor/assets/lib/font-awesome/css/fontawesome.min52d5.css]
[subway-surfers.org/wp-content/plugins/elementor/assets/lib/font-awesome/css/solid.min52d5.css]
[subway-surfers.org/wp-content/plugins/elementor-pro/assets/css/widget-nav-menu.min.css]
[subway-surfers.org/wp-content/plugins/elementor-pro/assets/css/widget-theme-elements.min.css]
[subway-surfers.org/wp-content/plugins/elementor-pro/assets/css/widget-posts.min.css]
[subway-surfers.org/wp-content/plugins/elementor-pro/assets/css/widget-share-buttons.min.css]
[subway-surfers.org/wp-content/plugins/elementor/assets/lib/font-awesome/css/brands.min52d5.css]
